****TIME:     0.00
---->Number of clusters 99
****TIME:   500.00
---->Number of clusters 74
****TIME:  1000.00
---->Number of clusters 69
****TIME:  1500.00
---->Number of clusters 63
****TIME:  2000.00
---->Number of clusters 59
****TIME:  2500.00
---->Number of clusters 56
****TIME:  3000.00
---->Number of clusters 54
****TIME:  3500.00
---->Number of clusters 48
****TIME:  4000.00
---->Number of clusters 46
****TIME:  4500.00
---->Number of clusters 46
****TIME:  5000.00
---->Number of clusters 43
****TIME:  5500.00
---->Number of clusters 42
****TIME:  6000.00
---->Number of clusters 39
****TIME:  6500.00
---->Number of clusters 39
****TIME:  7000.00
---->Number of clusters 41
****TIME:  7500.00
---->Number of clusters 39
****TIME:  8000.00
---->Number of clusters 40
****TIME:  8500.00
---->Number of clusters 39
****TIME:  9000.00
---->Number of clusters 38
****TIME:  9500.00
---->Number of clusters 37
****TIME: 10000.00
---->Number of clusters 38
